2025-11-07 19:55:26,415 : masks : INFO : Проверка корректного ввода номера карты
2025-11-07 19:55:26,415 : masks : INFO : Формирование маски номера карты
2025-11-07 19:55:26,415 : masks : INFO : Проверка корректного ввода счета
2025-11-07 19:55:26,415 : masks : INFO : Проверка на минимально допустимое количество цифр счета
2025-11-07 19:55:26,415 : masks : INFO : Формирование маски номера счета
2025-11-07 19:55:26,415 : masks : INFO : Проверка корректного ввода номера карты
2025-11-07 19:55:26,415 : masks : INFO : Формирование маски номера карты
2025-11-07 19:55:26,416 : masks : INFO : Проверка корректного ввода счета
2025-11-07 19:55:26,416 : masks : INFO : Проверка на минимально допустимое количество цифр счета
2025-11-07 19:55:26,416 : masks : INFO : Формирование маски номера счета
2025-11-07 19:55:26,416 : masks : INFO : Проверка корректного ввода номера карты
2025-11-07 19:55:26,416 : masks : INFO : Формирование маски номера карты
2025-11-07 19:55:26,416 : masks : INFO : Проверка корректного ввода номера карты
2025-11-07 19:55:26,416 : masks : INFO : Формирование маски номера карты
2025-11-07 19:55:26,416 : masks : INFO : Проверка корректного ввода номера карты
2025-11-07 19:55:26,416 : masks : INFO : Формирование маски номера карты
2025-11-07 19:55:26,416 : masks : INFO : Проверка корректного ввода счета
2025-11-07 19:55:26,416 : masks : INFO : Проверка на минимально допустимое количество цифр счета
2025-11-07 19:55:26,416 : masks : INFO : Формирование маски номера счета
2025-11-07 19:55:26,418 : masks : INFO : Проверка корректного ввода номера карты
2025-11-07 19:55:26,418 : masks : INFO : Формирование маски номера карты
2025-11-07 19:55:26,418 : masks : INFO : Проверка корректного ввода номера карты
2025-11-07 19:55:26,418 : masks : ERROR : Не корректный ввод номера карты
2025-11-07 19:55:26,418 : masks : ERROR : Произошла ошибка: Номер карты должен содержать только цифры
