2025-11-08 15:22:40,479 : utils : INFO : Проверка существование файла
2025-11-08 15:22:40,479 : utils : INFO : Проверка наличия данных в файле
2025-11-08 15:22:40,480 : utils : INFO : Считывание данных файла
2025-11-08 15:22:40,487 : utils : INFO : Проверка на соответствие типа данных файла
2025-11-08 15:22:40,487 : utils : INFO : Вывод списка с данными
2025-11-08 15:22:40,489 : utils : INFO : Проверка существование файла
2025-11-08 15:22:40,489 : utils : ERROR : Файл не найден
2025-11-08 15:22:40,491 : utils : INFO : Проверка существование файла
2025-11-08 15:22:40,491 : utils : INFO : Проверка наличия данных в файле
2025-11-08 15:22:40,491 : utils : ERROR : Файл не содержит данных
2025-11-08 15:22:40,493 : utils : INFO : Проверка существование файла
2025-11-08 15:22:40,493 : utils : INFO : Проверка наличия данных в файле
2025-11-08 15:22:40,493 : utils : INFO : Считывание данных файла
2025-11-08 15:22:40,494 : utils : ERROR : Произошла ошибка: Expecting value: line 1 column 1 (char 0)
2025-11-08 15:22:40,496 : utils : INFO : Проверка существование файла
2025-11-08 15:22:40,496 : utils : INFO : Проверка наличия данных в файле
2025-11-08 15:22:40,497 : utils : INFO : Считывание данных файла
2025-11-08 15:22:40,497 : utils : INFO : Проверка на соответствие типа данных файла
2025-11-08 15:22:40,498 : utils : ERROR : Ошибка типа данных файла
2025-11-08 15:22:40,500 : utils : INFO : Проверка существование файла
2025-11-08 15:22:40,500 : utils : INFO : Проверка наличия данных в файле
2025-11-08 15:22:40,500 : utils : INFO : Считывание данных файла
2025-11-08 15:22:40,501 : utils : INFO : Проверка на соответствие типа данных файла
2025-11-08 15:22:40,501 : utils : INFO : Вывод списка с данными
2025-11-08 15:22:40,503 : utils : INFO : Проверка существование файла
2025-11-08 15:22:40,503 : utils : INFO : Проверка наличия данных в файле
2025-11-08 15:22:40,503 : utils : INFO : Считывание данных файла
2025-11-08 15:22:40,504 : utils : ERROR : Произошла ошибка: Expecting value: line 2 column 8 (char 11)
2025-11-08 15:22:40,522 : utils : INFO : Проверка существование файла
2025-11-08 15:22:40,522 : utils : INFO : Проверка наличия данных в файле
2025-11-08 15:22:40,522 : utils : INFO : Считывание данных файла
2025-11-08 15:22:40,531 : utils : INFO : Проверка на соответствие типа данных файла
2025-11-08 15:22:40,531 : utils : INFO : Вывод списка с данными
2025-11-08 15:22:40,534 : utils : INFO : Проверка существование файла
2025-11-08 15:22:40,534 : utils : INFO : Проверка наличия данных в файле
2025-11-08 15:22:40,534 : utils : INFO : Считывание данных файла
2025-11-08 15:22:40,535 : utils : INFO : Проверка на соответствие типа данных файла
2025-11-08 15:22:40,535 : utils : INFO : Вывод списка с данными
2025-11-08 15:22:40,537 : utils : INFO : Проверка существование файла
2025-11-08 15:22:40,537 : utils : INFO : Проверка наличия данных в файле
2025-11-08 15:22:40,537 : utils : INFO : Считывание данных файла
2025-11-08 15:22:40,538 : utils : INFO : Проверка на соответствие типа данных файла
2025-11-08 15:22:40,538 : utils : INFO : Вывод списка с данными
2025-11-08 15:22:40,540 : utils : INFO : Проверка существование файла
2025-11-08 15:22:40,540 : utils : ERROR : Файл не найден
2025-11-08 15:22:40,579 : utils : INFO : Проверка существование файла
2025-11-08 15:22:40,579 : utils : INFO : Проверка наличия данных в файле
2025-11-08 15:22:40,579 : utils : INFO : Считывание данных файла
2025-11-08 15:22:40,587 : utils : INFO : Проверка на соответствие типа данных файла
2025-11-08 15:22:40,587 : utils : INFO : Вывод списка с данными
2025-11-08 15:22:40,590 : utils : INFO : Проверка существование файла
2025-11-08 15:22:40,590 : utils : INFO : Проверка наличия данных в файле
2025-11-08 15:22:40,590 : utils : INFO : Считывание данных файла
2025-11-08 15:22:40,591 : utils : INFO : Проверка на соответствие типа данных файла
2025-11-08 15:22:40,591 : utils : INFO : Вывод списка с данными
2025-11-08 15:22:40,591 : utils : INFO : Проверка существование файла
2025-11-08 15:22:40,591 : utils : ERROR : Файл не найден
2025-11-08 15:22:40,592 : utils : INFO : Проверка существование файла
2025-11-08 15:22:40,592 : utils : INFO : Проверка наличия данных в файле
2025-11-08 15:22:40,592 : utils : INFO : Считывание данных файла
2025-11-08 15:22:40,593 : utils : ERROR : Произошла ошибка: Expecting value: line 1 column 1 (char 0)
2025-11-08 15:22:40,596 : utils : INFO : Проверка существование файла
2025-11-08 15:22:40,596 : utils : INFO : Проверка наличия данных в файле
2025-11-08 15:22:40,596 : utils : INFO : Считывание данных файла
2025-11-08 15:22:40,597 : utils : INFO : Проверка на соответствие типа данных файла
2025-11-08 15:22:40,597 : utils : INFO : Вывод списка с данными
